MPLINK 4.49, Linker
Linker Map File - Created Tue Dec 20 04:51:08 2022

                                 Section Info
                  Section       Type    Address   Location Size(Bytes)
                ---------  ---------  ---------  ---------  ---------
                   .org_0       code   0x000000    program   0x000000
                   .org_1       code   0x000000    program   0x000004
                   .org_2       code   0x000008    program   0x000002
                   .org_3       code   0x000018    program   0x000002
                   .org_4       code   0x00001a    program   0x000162
    .config_300001_MAIN.O    romdata   0x300001    program   0x000001
    .config_300002_MAIN.O    romdata   0x300002    program   0x000001
    .config_300003_MAIN.O    romdata   0x300003    program   0x000001
    .config_300005_MAIN.O    romdata   0x300005    program   0x000001
    .config_300006_MAIN.O    romdata   0x300006    program   0x000001
    .config_300008_MAIN.O    romdata   0x300008    program   0x000001
    .config_300009_MAIN.O    romdata   0x300009    program   0x000001
    .config_30000A_MAIN.O    romdata   0x30000a    program   0x000001
    .config_30000B_MAIN.O    romdata   0x30000b    program   0x000001
    .config_30000C_MAIN.O    romdata   0x30000c    program   0x000001
    .config_30000D_MAIN.O    romdata   0x30000d    program   0x000001



                              Program Memory Usage 
                               Start         End      
                           ---------   ---------      
                            0x000000    0x000003      
                            0x000008    0x000009      
                            0x000018    0x00017b      
                            0x300001    0x300003      
                            0x300005    0x300006      
                            0x300008    0x30000d      
            373 out of 33048 program addresses used, program memory utilization is 1%



                              Symbols - Sorted by Name
                     Name    Address   Location    Storage File                     
                ---------  ---------  ---------  --------- ---------                
                   INICIO   0x00001a    program     static C:\UserFiles\Jeovane\MEGA\Aulas\UFU-Patos\01-Disciplinas Ministradas\MICRO\GitHub\PIC18F45K22_SAMPLES\MPLAB_Project\main.asm
                  TAB7SEG   0x000158    program     static C:\UserFiles\Jeovane\MEGA\Aulas\UFU-Patos\01-Disciplinas Ministradas\MICRO\GitHub\PIC18F45K22_SAMPLES\MPLAB_Project\main.asm
                 delay_ms   0x000060    program     static C:\UserFiles\Jeovane\MEGA\Aulas\UFU-Patos\01-Disciplinas Ministradas\MICRO\GitHub\PIC18F45K22_SAMPLES\MPLAB_Project\main.asm
           fim_le_teclado   0x000156    program     static C:\UserFiles\Jeovane\MEGA\Aulas\UFU-Patos\01-Disciplinas Ministradas\MICRO\GitHub\PIC18F45K22_SAMPLES\MPLAB_Project\main.asm
                 fim_main   0x00005c    program     static C:\UserFiles\Jeovane\MEGA\Aulas\UFU-Patos\01-Disciplinas Ministradas\MICRO\GitHub\PIC18F45K22_SAMPLES\MPLAB_Project\main.asm
          fim_varre_tecla   0x000140    program     static C:\UserFiles\Jeovane\MEGA\Aulas\UFU-Patos\01-Disciplinas Ministradas\MICRO\GitHub\PIC18F45K22_SAMPLES\MPLAB_Project\main.asm
                    igual   0x00005a    program     static C:\UserFiles\Jeovane\MEGA\Aulas\UFU-Patos\01-Disciplinas Ministradas\MICRO\GitHub\PIC18F45K22_SAMPLES\MPLAB_Project\main.asm
      le_teclado_debounce   0x000142    program     static C:\UserFiles\Jeovane\MEGA\Aulas\UFU-Patos\01-Disciplinas Ministradas\MICRO\GitHub\PIC18F45K22_SAMPLES\MPLAB_Project\main.asm
                     loop   0x000038    program     static C:\UserFiles\Jeovane\MEGA\Aulas\UFU-Patos\01-Disciplinas Ministradas\MICRO\GitHub\PIC18F45K22_SAMPLES\MPLAB_Project\main.asm
                    loop1   0x00006a    program     static C:\UserFiles\Jeovane\MEGA\Aulas\UFU-Patos\01-Disciplinas Ministradas\MICRO\GitHub\PIC18F45K22_SAMPLES\MPLAB_Project\main.asm
                    loop2   0x000066    program     static C:\UserFiles\Jeovane\MEGA\Aulas\UFU-Patos\01-Disciplinas Ministradas\MICRO\GitHub\PIC18F45K22_SAMPLES\MPLAB_Project\main.asm
                    loop3   0x000062    program     static C:\UserFiles\Jeovane\MEGA\Aulas\UFU-Patos\01-Disciplinas Ministradas\MICRO\GitHub\PIC18F45K22_SAMPLES\MPLAB_Project\main.asm
             nada_teclado   0x000152    program     static C:\UserFiles\Jeovane\MEGA\Aulas\UFU-Patos\01-Disciplinas Ministradas\MICRO\GitHub\PIC18F45K22_SAMPLES\MPLAB_Project\main.asm
            nenhuma_tecla   0x00013c    program     static C:\UserFiles\Jeovane\MEGA\Aulas\UFU-Patos\01-Disciplinas Ministradas\MICRO\GitHub\PIC18F45K22_SAMPLES\MPLAB_Project\main.asm
              varre_C0_L1   0x000090    program     static C:\UserFiles\Jeovane\MEGA\Aulas\UFU-Patos\01-Disciplinas Ministradas\MICRO\GitHub\PIC18F45K22_SAMPLES\MPLAB_Project\main.asm
              varre_C0_L2   0x00009a    program     static C:\UserFiles\Jeovane\MEGA\Aulas\UFU-Patos\01-Disciplinas Ministradas\MICRO\GitHub\PIC18F45K22_SAMPLES\MPLAB_Project\main.asm
              varre_C0_L3   0x0000a4    program     static C:\UserFiles\Jeovane\MEGA\Aulas\UFU-Patos\01-Disciplinas Ministradas\MICRO\GitHub\PIC18F45K22_SAMPLES\MPLAB_Project\main.asm
              varre_C1_L0   0x0000ae    program     static C:\UserFiles\Jeovane\MEGA\Aulas\UFU-Patos\01-Disciplinas Ministradas\MICRO\GitHub\PIC18F45K22_SAMPLES\MPLAB_Project\main.asm
              varre_C1_L1   0x0000c0    program     static C:\UserFiles\Jeovane\MEGA\Aulas\UFU-Patos\01-Disciplinas Ministradas\MICRO\GitHub\PIC18F45K22_SAMPLES\MPLAB_Project\main.asm
              varre_C1_L2   0x0000ca    program     static C:\UserFiles\Jeovane\MEGA\Aulas\UFU-Patos\01-Disciplinas Ministradas\MICRO\GitHub\PIC18F45K22_SAMPLES\MPLAB_Project\main.asm
              varre_C1_L3   0x0000d4    program     static C:\UserFiles\Jeovane\MEGA\Aulas\UFU-Patos\01-Disciplinas Ministradas\MICRO\GitHub\PIC18F45K22_SAMPLES\MPLAB_Project\main.asm
              varre_C2_L0   0x0000dc    program     static C:\UserFiles\Jeovane\MEGA\Aulas\UFU-Patos\01-Disciplinas Ministradas\MICRO\GitHub\PIC18F45K22_SAMPLES\MPLAB_Project\main.asm
              varre_C2_L1   0x0000ee    program     static C:\UserFiles\Jeovane\MEGA\Aulas\UFU-Patos\01-Disciplinas Ministradas\MICRO\GitHub\PIC18F45K22_SAMPLES\MPLAB_Project\main.asm
              varre_C2_L2   0x0000f8    program     static C:\UserFiles\Jeovane\MEGA\Aulas\UFU-Patos\01-Disciplinas Ministradas\MICRO\GitHub\PIC18F45K22_SAMPLES\MPLAB_Project\main.asm
              varre_C2_L3   0x000102    program     static C:\UserFiles\Jeovane\MEGA\Aulas\UFU-Patos\01-Disciplinas Ministradas\MICRO\GitHub\PIC18F45K22_SAMPLES\MPLAB_Project\main.asm
              varre_C3_L0   0x00010c    program     static C:\UserFiles\Jeovane\MEGA\Aulas\UFU-Patos\01-Disciplinas Ministradas\MICRO\GitHub\PIC18F45K22_SAMPLES\MPLAB_Project\main.asm
              varre_C3_L1   0x00011e    program     static C:\UserFiles\Jeovane\MEGA\Aulas\UFU-Patos\01-Disciplinas Ministradas\MICRO\GitHub\PIC18F45K22_SAMPLES\MPLAB_Project\main.asm
              varre_C3_L2   0x000128    program     static C:\UserFiles\Jeovane\MEGA\Aulas\UFU-Patos\01-Disciplinas Ministradas\MICRO\GitHub\PIC18F45K22_SAMPLES\MPLAB_Project\main.asm
              varre_C3_L3   0x000132    program     static C:\UserFiles\Jeovane\MEGA\Aulas\UFU-Patos\01-Disciplinas Ministradas\MICRO\GitHub\PIC18F45K22_SAMPLES\MPLAB_Project\main.asm
              varre_tecla   0x00007e    program     static C:\UserFiles\Jeovane\MEGA\Aulas\UFU-Patos\01-Disciplinas Ministradas\MICRO\GitHub\PIC18F45K22_SAMPLES\MPLAB_Project\main.asm



                              Symbols - Sorted by Address
                     Name    Address   Location    Storage File                     
                ---------  ---------  ---------  --------- ---------                
                   INICIO   0x00001a    program     static C:\UserFiles\Jeovane\MEGA\Aulas\UFU-Patos\01-Disciplinas Ministradas\MICRO\GitHub\PIC18F45K22_SAMPLES\MPLAB_Project\main.asm
                     loop   0x000038    program     static C:\UserFiles\Jeovane\MEGA\Aulas\UFU-Patos\01-Disciplinas Ministradas\MICRO\GitHub\PIC18F45K22_SAMPLES\MPLAB_Project\main.asm
                    igual   0x00005a    program     static C:\UserFiles\Jeovane\MEGA\Aulas\UFU-Patos\01-Disciplinas Ministradas\MICRO\GitHub\PIC18F45K22_SAMPLES\MPLAB_Project\main.asm
                 fim_main   0x00005c    program     static C:\UserFiles\Jeovane\MEGA\Aulas\UFU-Patos\01-Disciplinas Ministradas\MICRO\GitHub\PIC18F45K22_SAMPLES\MPLAB_Project\main.asm
                 delay_ms   0x000060    program     static C:\UserFiles\Jeovane\MEGA\Aulas\UFU-Patos\01-Disciplinas Ministradas\MICRO\GitHub\PIC18F45K22_SAMPLES\MPLAB_Project\main.asm
                    loop3   0x000062    program     static C:\UserFiles\Jeovane\MEGA\Aulas\UFU-Patos\01-Disciplinas Ministradas\MICRO\GitHub\PIC18F45K22_SAMPLES\MPLAB_Project\main.asm
                    loop2   0x000066    program     static C:\UserFiles\Jeovane\MEGA\Aulas\UFU-Patos\01-Disciplinas Ministradas\MICRO\GitHub\PIC18F45K22_SAMPLES\MPLAB_Project\main.asm
                    loop1   0x00006a    program     static C:\UserFiles\Jeovane\MEGA\Aulas\UFU-Patos\01-Disciplinas Ministradas\MICRO\GitHub\PIC18F45K22_SAMPLES\MPLAB_Project\main.asm
              varre_tecla   0x00007e    program     static C:\UserFiles\Jeovane\MEGA\Aulas\UFU-Patos\01-Disciplinas Ministradas\MICRO\GitHub\PIC18F45K22_SAMPLES\MPLAB_Project\main.asm
              varre_C0_L1   0x000090    program     static C:\UserFiles\Jeovane\MEGA\Aulas\UFU-Patos\01-Disciplinas Ministradas\MICRO\GitHub\PIC18F45K22_SAMPLES\MPLAB_Project\main.asm
              varre_C0_L2   0x00009a    program     static C:\UserFiles\Jeovane\MEGA\Aulas\UFU-Patos\01-Disciplinas Ministradas\MICRO\GitHub\PIC18F45K22_SAMPLES\MPLAB_Project\main.asm
              varre_C0_L3   0x0000a4    program     static C:\UserFiles\Jeovane\MEGA\Aulas\UFU-Patos\01-Disciplinas Ministradas\MICRO\GitHub\PIC18F45K22_SAMPLES\MPLAB_Project\main.asm
              varre_C1_L0   0x0000ae    program     static C:\UserFiles\Jeovane\MEGA\Aulas\UFU-Patos\01-Disciplinas Ministradas\MICRO\GitHub\PIC18F45K22_SAMPLES\MPLAB_Project\main.asm
              varre_C1_L1   0x0000c0    program     static C:\UserFiles\Jeovane\MEGA\Aulas\UFU-Patos\01-Disciplinas Ministradas\MICRO\GitHub\PIC18F45K22_SAMPLES\MPLAB_Project\main.asm
              varre_C1_L2   0x0000ca    program     static C:\UserFiles\Jeovane\MEGA\Aulas\UFU-Patos\01-Disciplinas Ministradas\MICRO\GitHub\PIC18F45K22_SAMPLES\MPLAB_Project\main.asm
              varre_C1_L3   0x0000d4    program     static C:\UserFiles\Jeovane\MEGA\Aulas\UFU-Patos\01-Disciplinas Ministradas\MICRO\GitHub\PIC18F45K22_SAMPLES\MPLAB_Project\main.asm
              varre_C2_L0   0x0000dc    program     static C:\UserFiles\Jeovane\MEGA\Aulas\UFU-Patos\01-Disciplinas Ministradas\MICRO\GitHub\PIC18F45K22_SAMPLES\MPLAB_Project\main.asm
              varre_C2_L1   0x0000ee    program     static C:\UserFiles\Jeovane\MEGA\Aulas\UFU-Patos\01-Disciplinas Ministradas\MICRO\GitHub\PIC18F45K22_SAMPLES\MPLAB_Project\main.asm
              varre_C2_L2   0x0000f8    program     static C:\UserFiles\Jeovane\MEGA\Aulas\UFU-Patos\01-Disciplinas Ministradas\MICRO\GitHub\PIC18F45K22_SAMPLES\MPLAB_Project\main.asm
              varre_C2_L3   0x000102    program     static C:\UserFiles\Jeovane\MEGA\Aulas\UFU-Patos\01-Disciplinas Ministradas\MICRO\GitHub\PIC18F45K22_SAMPLES\MPLAB_Project\main.asm
              varre_C3_L0   0x00010c    program     static C:\UserFiles\Jeovane\MEGA\Aulas\UFU-Patos\01-Disciplinas Ministradas\MICRO\GitHub\PIC18F45K22_SAMPLES\MPLAB_Project\main.asm
              varre_C3_L1   0x00011e    program     static C:\UserFiles\Jeovane\MEGA\Aulas\UFU-Patos\01-Disciplinas Ministradas\MICRO\GitHub\PIC18F45K22_SAMPLES\MPLAB_Project\main.asm
              varre_C3_L2   0x000128    program     static C:\UserFiles\Jeovane\MEGA\Aulas\UFU-Patos\01-Disciplinas Ministradas\MICRO\GitHub\PIC18F45K22_SAMPLES\MPLAB_Project\main.asm
              varre_C3_L3   0x000132    program     static C:\UserFiles\Jeovane\MEGA\Aulas\UFU-Patos\01-Disciplinas Ministradas\MICRO\GitHub\PIC18F45K22_SAMPLES\MPLAB_Project\main.asm
            nenhuma_tecla   0x00013c    program     static C:\UserFiles\Jeovane\MEGA\Aulas\UFU-Patos\01-Disciplinas Ministradas\MICRO\GitHub\PIC18F45K22_SAMPLES\MPLAB_Project\main.asm
          fim_varre_tecla   0x000140    program     static C:\UserFiles\Jeovane\MEGA\Aulas\UFU-Patos\01-Disciplinas Ministradas\MICRO\GitHub\PIC18F45K22_SAMPLES\MPLAB_Project\main.asm
      le_teclado_debounce   0x000142    program     static C:\UserFiles\Jeovane\MEGA\Aulas\UFU-Patos\01-Disciplinas Ministradas\MICRO\GitHub\PIC18F45K22_SAMPLES\MPLAB_Project\main.asm
             nada_teclado   0x000152    program     static C:\UserFiles\Jeovane\MEGA\Aulas\UFU-Patos\01-Disciplinas Ministradas\MICRO\GitHub\PIC18F45K22_SAMPLES\MPLAB_Project\main.asm
           fim_le_teclado   0x000156    program     static C:\UserFiles\Jeovane\MEGA\Aulas\UFU-Patos\01-Disciplinas Ministradas\MICRO\GitHub\PIC18F45K22_SAMPLES\MPLAB_Project\main.asm
                  TAB7SEG   0x000158    program     static C:\UserFiles\Jeovane\MEGA\Aulas\UFU-Patos\01-Disciplinas Ministradas\MICRO\GitHub\PIC18F45K22_SAMPLES\MPLAB_Project\main.asm


